2026-04-13 18:19:15.395 | INFO     | __main__:<module>:56 | Finn Audio Sidecar starting up...
2026-04-13 18:19:15.396 | INFO     | __main__:load_config:65 | Loading config from D:/finn/finn-voice/config/finn-voice-config.json
2026-04-13 18:19:15.396 | INFO     | __main__:load_config:72 | Config loaded successfully: 20 keys
2026-04-13 18:19:15.397 | DEBUG    | __main__:load_config:73 | Config contents: {
  "xai_api_key": "",
  "openrouter_api_key": "",
  "tts_voice": "af_bella",
  "stt_model": "faster-whisper",
  "tts_model": "chatterbox",
  "stt_streaming": false,
  "vad_sensitivity": 0.5,
  "vad_silence_ms": 1500,
  "wake_word_start": "hey_jarvis",
  "wake_word_halt_acoustic": "",
  "audio_sidecar_port": 8082,
  "grok_relay_port": 8081,
  "finn_router_port": 3469,
  "chat_api_url": "http://localhost:3469",
  "chatterbox_url": "http://localhost:8004",
  "cuda_device": "cuda:0",
  "speaker_wav": "Elena.wav",
  "log_level": "DEBUG",
  "log_dir": "logs",
  "log_retention_days": 7
}
2026-04-13 18:19:15.397 | INFO     | __main__:<module>:94 | CUDA device: cuda:0
2026-04-13 18:19:15.398 | INFO     | __main__:<module>:95 | STT model: faster-whisper
2026-04-13 18:19:15.398 | INFO     | __main__:<module>:96 | TTS model: chatterbox (proxy to http://localhost:8004)
2026-04-13 18:19:15.398 | INFO     | __main__:<module>:97 | VAD sensitivity: 0.5, silence: 1500ms
2026-04-13 18:19:15.398 | INFO     | __main__:<module>:98 | Wake word start: 'hey_jarvis', halt: '(none)'
2026-04-13 18:19:15.398 | INFO     | __main__:<module>:99 | Sidecar port: 8082
2026-04-13 18:19:15.421 | INFO     | __main__:<module>:108 | CUDA devices available: 3
2026-04-13 18:25:38.843 | INFO     | __main__:<module>:56 | Finn Audio Sidecar starting up...
2026-04-13 18:25:38.843 | INFO     | __main__:load_config:65 | Loading config from D:/finn/finn-voice/config/finn-voice-config.json
2026-04-13 18:25:38.844 | INFO     | __main__:load_config:72 | Config loaded successfully: 20 keys
2026-04-13 18:25:38.844 | DEBUG    | __main__:load_config:73 | Config contents: {
  "xai_api_key": "",
  "openrouter_api_key": "",
  "tts_voice": "af_bella",
  "stt_model": "faster-whisper",
  "tts_model": "chatterbox",
  "stt_streaming": false,
  "vad_sensitivity": 0.5,
  "vad_silence_ms": 1500,
  "wake_word_start": "hey_jarvis",
  "wake_word_halt_acoustic": "",
  "audio_sidecar_port": 8082,
  "grok_relay_port": 8081,
  "finn_router_port": 3469,
  "chat_api_url": "http://localhost:3469",
  "chatterbox_url": "http://localhost:8004",
  "cuda_device": "cuda:0",
  "speaker_wav": "Elena.wav",
  "log_level": "DEBUG",
  "log_dir": "logs",
  "log_retention_days": 7
}
2026-04-13 18:25:38.844 | INFO     | __main__:<module>:94 | CUDA device: cuda:0
2026-04-13 18:25:38.844 | INFO     | __main__:<module>:95 | STT model: faster-whisper
2026-04-13 18:25:38.844 | INFO     | __main__:<module>:96 | TTS model: chatterbox (proxy to http://localhost:8004)
2026-04-13 18:25:38.844 | INFO     | __main__:<module>:97 | VAD sensitivity: 0.5, silence: 1500ms
2026-04-13 18:25:38.844 | INFO     | __main__:<module>:98 | Wake word start: 'hey_jarvis', halt: '(none)'
2026-04-13 18:25:38.844 | INFO     | __main__:<module>:99 | Sidecar port: 8082
2026-04-13 18:25:38.864 | INFO     | __main__:<module>:108 | CUDA devices available: 3
2026-04-13 18:25:38.864 | INFO     | __main__:<module>:109 | Using GPU cuda:0 for STT
2026-04-13 18:25:38.864 | INFO     | __main__:<module>:116 | Loading Silero VAD on CPU...
2026-04-13 18:25:39.438 | INFO     | __main__:<module>:125 | Silero VAD loaded on CPU in 574ms
2026-04-13 18:25:39.438 | INFO     | __main__:<module>:128 | Loading faster-whisper large-v3 on cuda:0...
2026-04-13 18:25:43.873 | INFO     | __main__:<module>:140 | faster-whisper loaded on GPU 0 (float16) in 4436ms
2026-04-13 18:25:43.873 | INFO     | __main__:<module>:147 | Kokoro TTS DISABLED - using Chatterbox proxy only
2026-04-13 18:25:43.873 | INFO     | __main__:<module>:151 | Loading OpenWakeWord on CPU...
2026-04-13 18:25:44.692 | INFO     | __main__:<module>:165 | OpenWakeWord loaded in 819ms: START='hey_jarvis'
2026-04-13 18:25:44.692 | INFO     | __main__:<module>:168 | === MODEL SUMMARY ===
2026-04-13 18:25:44.692 | INFO     | __main__:<module>:169 |   STT: faster-whisper large-v3 on cuda:0
2026-04-13 18:25:44.692 | INFO     | __main__:<module>:170 |   TTS: Chatterbox proxy at http://localhost:8004
2026-04-13 18:25:44.692 | INFO     | __main__:<module>:171 |   VAD: Silero on CPU
2026-04-13 18:25:44.692 | INFO     | __main__:<module>:172 |   WakeWord: OpenWakeWord on CPU (models: ['hey_jarvis'])
2026-04-13 18:25:44.692 | INFO     | __main__:<module>:173 | =====================
2026-04-13 18:25:44.694 | INFO     | __main__:<module>:877 | Starting Finn Audio Sidecar on 0.0.0.0:8082
2026-04-13 18:26:26.267 | DEBUG    | __main__:health:214 | Health check requested
